C51 COMPILER V8.18   MAIN                                                                  03/17/2016 09:41:47 PAGE 1   


C51 COMPILER V8.18, COMPILATION OF MODULE MAIN
OBJECT MODULE PLACED IN main.OBJ
COMPILER INVOKED BY: C:\Keil\C51\BIN\C51.EXE main.c BROWSE DEBUG OBJECTEXTEND

line level    source

   1          #include <reg52.h>
   2          #include <stdio.h>
   3          
   4          #include "init_serial.h"
   5          
   6          unsigned char x _at_ 0x30;
   7          unsigned char y _at_ 0x31;
   8          
   9          int main() {
  10   1              init_serial();
  11   1              x = 0x58;
  12   1              y = 0x9b;
  13   1      
  14   1              x = ((x & 0xf0) >> 4) | ((y & 0x0f) << 4);
  15   1      
  16   1              printf("x = %#bX\n", x);
  17   1      
  18   1              for (; ; );
  19   1      }


MODULE INFORMATION:   STATIC OVERLAYABLE
   CODE SIZE        =     41    ----
   CONSTANT SIZE    =     10    ----
   XDATA SIZE       =   ----    ----
   PDATA SIZE       =   ----    ----
   DATA SIZE        =   ----    ----
   IDATA SIZE       =   ----    ----
   BIT SIZE         =   ----    ----
END OF MODULE INFORMATION.


C51 COMPILATION COMPLETE.  0 WARNING(S),  0 ERROR(S)
