C51 COMPILER V8.18   MAIN                                                                  03/11/2016 17:11:50 PAGE 1   


C51 COMPILER V8.18, COMPILATION OF MODULE MAIN
OBJECT MODULE PLACED IN main.OBJ
COMPILER INVOKED BY: C:\Keil\C51\BIN\C51.EXE main.c INTVECTOR(0X8000) DEBUG OBJECTEXTEND

line level    source

   1          #include <reg52.h>
   2          #include <stdio.h>
   3          
   4          sbit clk = P1^0;
   5          sbit sda = P1^1;
   6          
   7          void time0_int(void) interrupt 1 {
   8   1              clk = !clk;
   9   1              sda = !sda;
  10   1      }
  11          
  12          int main() {
  13   1              TMOD = (TMOD & 0xf0) | 0x2;
  14   1              TH0 = 0;
  15   1              TL0 = 0;
  16   1              EA = 1;
  17   1              ET0 = 1;
  18   1              TR0 = 1;
  19   1              
  20   1              clk = 1;
  21   1              sda = 0;
  22   1       
  23   1              for (; ; );
  24   1      }


MODULE INFORMATION:   STATIC OVERLAYABLE
   CODE SIZE        =     30    ----
   CONSTANT SIZE    =   ----    ----
   XDATA SIZE       =   ----    ----
   PDATA SIZE       =   ----    ----
   DATA SIZE        =   ----    ----
   IDATA SIZE       =   ----    ----
   BIT SIZE         =   ----    ----
END OF MODULE INFORMATION.


C51 COMPILATION COMPLETE.  0 WARNING(S),  0 ERROR(S)
