C51 COMPILER V9.01   MAIN                                                                  04/06/2016 18:53:44 PAGE 1   


C51 COMPILER V9.01, COMPILATION OF MODULE MAIN
OBJECT MODULE PLACED IN main.OBJ
COMPILER INVOKED BY: C:\Keil\C51\BIN\C51.EXE main.c INTVECTOR(0X8000) DEBUG OBJECTEXTEND

line level    source

   1          #include <reg52.h>
   2          #include <stdio.h>
   3          #include <absacc.h>
   4          #include <intrins.h>
   5          
   6          #include "init_serial.h"
   7          
   8          sbit SCL_IC_CARD = P1^0;
   9          sbit SDA_IC_CARD = P1^1;
  10          sbit WP_IC_CARD = P1^2;
  11          
  12          bdata char com_data;
  13          sbit mos_bit = com_data^7;
  14          sbit low_bit = com_data^0;
  15          
  16          unsigned char data display_buffer[3] _at_ 0x40;
  17          
  18          unsigned char data b_buffer[3] _at_ 0x50;
  19          unsigned char idata a_buffer[6] _at_ 0xc5;
  20          
  21          unsigned char (*r)();
  22          
  23          unsigned char i;
  24          
  25          void delay(int n) {
  26   1          int i;
  27   1          for (i = 0; i < n; i++);
  28   1      }
  29          
  30          void start(void) {
  31   1          SDA_IC_CARD = 1;
  32   1          SCL_IC_CARD = 1;
  33   1          SDA_IC_CARD = 0;
  34   1          SCL_IC_CARD = 0;
  35   1      }
  36          
  37          void stop(void) {
  38   1          SDA_IC_CARD = 0;
  39   1          SCL_IC_CARD = 1;
  40   1          SDA_IC_CARD = 1;
  41   1      }
  42          
  43          void ack(void) {
  44   1          SCL_IC_CARD = 1;
  45   1          SCL_IC_CARD = 0;
  46   1      }
  47          
  48          void shift8(char a) {
  49   1          data unsigned char i;
  50   1          com_data = a;
  51   1          for (i = 0; i < 8; i++) {
  52   2              SDA_IC_CARD = mos_bit;
  53   2              SCL_IC_CARD = 1;
  54   2              SCL_IC_CARD = 0;
  55   2              com_data *= 2;
C51 COMPILER V9.01   MAIN                                                                  04/06/2016 18:53:44 PAGE 2   

  56   2          }
  57   1      }
  58          
  59          unsigned char rd_24c01(char a) {
  60   1          data unsigned char i, command;
  61   1          SDA_IC_CARD = 1;
  62   1          SCL_IC_CARD = 0;
  63   1          start();
  64   1          command = 0xa0;
  65   1          shift8(command);
  66   1          ack();
  67   1          shift8(a);
  68   1          ack();
  69   1          start();
  70   1          command = 0xa1;
  71   1          shift8(command);
  72   1          ack();
  73   1          SDA_IC_CARD = 1;
  74   1          for (i = 0; i < 8; i++) {
  75   2              com_data *= 2;
  76   2              SCL_IC_CARD = 1;
  77   2              low_bit = SDA_IC_CARD;
  78   2              SCL_IC_CARD = 0;
  79   2          }
  80   1          stop();
  81   1          return com_data;
  82   1      }
  83          
  84          void wr_24c01(char a, char b) {
  85   1          data unsigned char command;
  86   1          WP_IC_CARD = 0;
  87   1          _nop_();
  88   1          SDA_IC_CARD = 1;
  89   1          SCL_IC_CARD = 0;
  90   1          start();
  91   1          command = 0xa0;
  92   1          shift8(command);
  93   1          ack();
  94   1          shift8(a);
  95   1          ack();
  96   1          shift8(b);
  97   1          ack();
  98   1          stop();
  99   1          _nop_();
 100   1          WP_IC_CARD = 1;
 101   1      }
 102          
 103          void action(void) {
 104   1          for (i = 0; i <= 2; i++) {
 105   2              wr_24c01(i, display_buffer[i]);
 106   2              delay(250);
 107   2          }
 108   1      
 109   1          printf("\nData read: ");
 110   1          for (i = 0; i <= 2; i++) {
 111   2              b_buffer[i] = rd_24c01(i);
 112   2              printf("%.2bX", b_buffer[i]);
 113   2              delay(250);
 114   2          }
 115   1      
 116   1      }
 117          
C51 COMPILER V9.01   MAIN                                                                  04/06/2016 18:53:44 PAGE 3   

 118          int main() {
 119   1          init_serial();
 120   1      
 121   1          r = 0x13c1;
 122   1      
 123   1              EA = 1;
 124   1              EX0 = 1;
 125   1              IT0 = 1;
 126   1      
 127   1          WP_IC_CARD = 1;
 128   1          printf("\n");
 129   1      
 130   1              action();
 131   1      
 132   1          for (; ;) {
 133   2                  for (i = 0; i <= 2; i++) {
 134   3                      a_buffer[2 * i] = (b_buffer[i] & 0xf0) >> 4;
 135   3                      a_buffer[2 * i + 1] = b_buffer[i] & 0xf;
 136   3                  }
 137   2                  r();
 138   2          }
 139   1      }
 140          
 141          void key_int(void) interrupt 0 {
 142   1              display_buffer[0]++;
 143   1              action();
 144   1      }
 145                           


MODULE INFORMATION:   STATIC OVERLAYABLE
   CODE SIZE        =    405    ----
   CONSTANT SIZE    =     21    ----
   XDATA SIZE       =   ----    ----
   PDATA SIZE       =   ----    ----
   DATA SIZE        =      5    ----
   IDATA SIZE       =   ----    ----
   BIT SIZE         =   ----    ----
END OF MODULE INFORMATION.


C51 COMPILATION COMPLETE.  0 WARNING(S),  0 ERROR(S)
